04-17 11:25:08.381  2497  2827 I TV_JNI_DTV: DTV til_scan_new_channel_found_cb -> channel is NULL, calling callback with source only...
04-17 11:25:08.388  2497  2827 I TV_JNI_DTV: DTV til_scan_new_channel_found_cb -> channel is NULL, calling callback with source only...
04-17 11:25:08.398  2497  2827 I TV_JNI_DTV: DTV til_scan_new_channel_found_cb -> channel is NULL, calling callback with source only...
04-17 11:25:08.405  2497  2827 I TV_JNI_DTV: DTV til_scan_new_channel_found_cb -> channel is NULL, calling callback with source only...
04-17 11:25:08.413  2497  2827 I TV_JNI_DTV: DTV til_scan_new_channel_found_cb -> channel is NULL, calling callback with source only...
04-17 11:25:08.425  2497  2827 I TV_JNI_DTV: DTV til_scan_new_channel_found_cb -> channel is NULL, calling callback with source only...
04-17 11:25:08.431  2497  2827 I TV_JNI_DTV: DTV til_scan_new_channel_found_cb -> channel is NULL, calling callback with source only...
04-17 11:25:08.441  2497  2827 I TV_JNI_DTV: DTV til_scan_new_channel_found_cb -> channel is NULL, calling callback with source only...
04-17 11:25:08.994  1663  1663 I hstvos  : [0m[1;32m[HSHAL][HS_VIDEO][HS_HAL_Video_Get_SignalStatusSync][994] time[323878] source = 1, *signal == 2  !
04-17 11:25:11.833  3036  5074 I provider: get adcodead_on_cv4 value success, value = ad_on_cv4
04-17 11:25:12.001  1663  1663 I hstvos  : ==>[HS_DTV hs_mw_dtvchannel_manager.cpp 563] Info:scrambleType=0[1;32m[HSHAL][HS_VIDEO][HS_HAL_Video_Get_SignalStatusSync][994] time[326884] source = 1, *signal == 2  !
04-17 11:25:13.319  1699  4621 I TVMW@audioctrl: audio signal status (= 1 )not support!
04-17 11:25:15.002  1663  1663 I hstvos  : ==>[HS_DTV hs_mw_dtvchannel_manager.cpp 563] Info:scrambleType=0[1;32m[HSHAL][HS_VIDEO][HS_HAL_Video_Get_SignalStatusSync][994] time[329885] source = 1, *signal == 2  !
04-17 11:25:16.861  2497  2508 I TV_JNI_DTV: DTV til_scan_new_channel_found_cb -> channel is NULL, calling callback with source only...
04-17 11:25:18.014  1663  1663 I hstvos  : [0m[1;32m[HSHAL][HS_VIDEO][HS_HAL_Video_Get_SignalStatusSync][994] time[332898] source = 1, *signal == 2  !
04-17 11:25:18.259  1699  4621 I TVMW@audioctrl: audio signal status (= 1 )not support!
04-17 11:25:21.023  1663  1663 I hstvos  : ==>[HS_DTV hs_mw_dtvchannel_manager.cpp 563] Info:scrambleType=0[1;32m[HSHAL][HS_VIDEO][HS_HAL_Video_Get_SignalStatusSync][994] time[335906] source = 1, *signal == 2  !
04-17 11:25:23.135  1699  4621 I TVMW@audioctrl: audio signal status (= 1 )not support!
04-17 11:25:24.024  1663  1663 I hstvos  : ==>[HS_DTV hs_mw_dtvchannel_manager.cpp 563] Info:scrambleType=0[1;32m[HSHAL][HS_VIDEO][HS_HAL_Video_Get_SignalStatusSync][994] time[338907] source = 1, *signal == 2  !
04-17 11:25:25.264  2497  2800 I TV_JNI_DTV: DTV til_scan_new_channel_found_cb -> channel is NULL, calling callback with source only...
04-17 11:25:27.036  1663  1663 I hstvos  : ==>[HS_DTV hs_mw_dtvchannel_manager.cpp 563] Info:scrambleType=0[1;32m[HSHAL][HS_VIDEO][HS_HAL_Video_Get_SignalStatusSync][994] time[341919] source = 1, *signal == 2  !
04-17 11:25:28.761  1699  4621 I TVMW@audioctrl: audio signal status (= 1 )not support!
04-17 11:25:30.261  1663  1663 I hstvos  : ==>[HS_DTV hs_mw_dtvchannel_manager.cpp 563] Info:scrambleType=0[1;32m[HSHAL][HS_VIDEO][HS_HAL_Video_Get_SignalStatusSync][994] time[345144] source = 1, *signal == 2  !
04-17 11:25:33.268  1663  1663 I hstvos  : ==>[HS_DTV hs_mw_dtvchannel_manager.cpp 563] Info:scrambleType=0[1;32m[HSHAL][HS_VIDEO][HS_HAL_Video_Get_SignalStatusSync][994] time[348151] source = 1, *signal == 2  !
04-17 11:25:33.635  1699  4621 I TVMW@audioctrl: audio signal status (= 1 )not support!
04-17 11:25:33.661  2497  2793 I TV_JNI_DTV: DTV til_scan_new_channel_found_cb -> channel is NULL, calling callback with source only...
04-17 11:25:36.277  1663  1663 I hstvos  : ==>[HS_DTV hs_mw_dtvchannel_manager.cpp 563] Info:scrambleType=0[1;32m[HSHAL][HS_VIDEO][HS_HAL_Video_Get_SignalStatusSync][994] time[351161] source = 1, *signal == 2  !
04-17 11:25:38.572  1699  4621 I TVMW@audioctrl: audio signal status (= 1 )not support!
04-17 11:25:39.278  1663  1663 I hstvos  : ==>[HS_DTV hs_mw_dtvchannel_manager.cpp 563] Info:scrambleType=0[1;32m[HSHAL][HS_VIDEO][HS_HAL_Video_Get_SignalStatusSync][994] time[354161] source = 1, *signal == 2  !
04-17 11:25:42.261  2497  2793 I TV_JNI_DTV: DTV til_scan_new_channel_found_cb -> channel is NULL, calling callback with source only...
04-17 11:25:42.288  1663  1663 I hstvos  : [0m[1;32m[HSHAL][HS_VIDEO][HS_HAL_Video_Get_SignalStatusSync][994] time[357171] source = 1, *signal == 2  !
04-17 11:25:43.996  1699  4621 I TVMW@audioctrl: audio signal status (= 1 )not support!
04-17 11:25:45.680  1663  1663 I hstvos  : ==>[HS_DTV hs_mw_dtvchannel_manager.cpp 563] Info:scrambleType=0[1;32m[HSHAL][HS_VIDEO][HS_HAL_Video_Get_SignalStatusSync][994] time[360563] source = 1, *signal == 2  !
04-17 11:25:48.685  1663  1663 I hstvos  : ==>[HS_DTV hs_mw_dtvchannel_manager.cpp 563] Info:scrambleType=0[1;32m[HSHAL][HS_VIDEO][HS_HAL_Video_Get_SignalStatusSync][994] time[363568] source = 1, *signal == 2  !
04-17 11:25:48.869  1699  4621 I TVMW@audioctrl: audio signal status (= 1 )not support!
04-17 11:25:50.861  2497  2827 I TV_JNI_DTV: DTV til_scan_new_channel_found_cb -> channel is NULL, calling callback with source only...
04-17 11:25:51.687  1663  1663 I hstvos  : [0m[1;32m[HSHAL][HS_VIDEO][HS_HAL_Video_Get_SignalStatusSync][994] time[366570] source = 1, *signal == 2  !
04-17 11:25:53.899  1699  4621 I TVMW@audioctrl: audio signal status (= 1 )not support!
04-17 11:25:54.707  1663  1663 I hstvos  : ==>[HS_DTV hs_mw_dtvchannel_manager.cpp 563] Info:scrambleType=0[1;32m[HSHAL][HS_VIDEO][HS_HAL_Video_Get_SignalStatusSync][994] time[369591] source = 1, *signal == 2  !
04-17 11:25:57.713  1663  1663 I hstvos  : ==>[HS_DTV hs_mw_dtvchannel_manager.cpp 563] Info:scrambleType=0[1;32m[HSHAL][HS_VIDEO][HS_HAL_Video_Get_SignalStatusSync][994] time[372596] source = 1, *signal == 2  !
04-17 11:25:59.173  1699  4621 I TVMW@audioctrl: audio signal status (= 1 )not support!
04-17 11:25:59.466  2497  2827 I TV_JNI_DTV: DTV til_scan_new_channel_found_cb -> channel is NULL, calling callback with source only...
04-17 11:26:00.732  1663  1663 I hstvos  : [0m[1;32m[HSHAL][HS_VIDEO][HS_HAL_Video_Get_SignalStatusSync][994] time[375615] source = 1, *signal == 2  !
04-17 11:26:03.733  1663  1663 I hstvos  : ==>[HS_DTV hs_mw_dtvchannel_manager.cpp 563] Info:scrambleType=0[1;32m[HSHAL][HS_VIDEO][HS_HAL_Video_Get_SignalStatusSync][994] time[378616] source = 1, *signal == 2  !
04-17 11:26:04.202  1699  4621 I TVMW@audioctrl: audio signal status (= 1 )not support!
04-17 11:26:06.740  1663  1663 I hstvos  : ==>[HS_DTV hs_mw_dtvchannel_manager.cpp 563] Info:scrambleType=0[1;32m[HSHAL][HS_VIDEO][HS_HAL_Video_Get_SignalStatusSync][994] time[381623] source = 1, *signal == 2  !
04-17 11:26:08.061  2497  2508 I TV_JNI_DTV: DTV til_scan_new_channel_found_cb -> channel is NULL, calling callback with source only...
04-17 11:26:09.231  1699  4621 I TVMW@audioctrl: audio signal status (= 1 )not support!
04-17 11:26:09.739  1663  1663 I hstvos  : [0m[1;32m[HSHAL][HS_VIDEO][HS_HAL_Video_Get_SignalStatusSync][994] time[384623] source = 1, *signal == 2  !
04-17 11:26:12.742  1663  1663 I hstvos  : [0m[1;32m[HSHAL][HS_VIDEO][HS_HAL_Video_Get_SignalStatusSync][994] time[387625] source = 1, *signal == 2  !
04-17 11:26:14.506  1699  4621 I TVMW@audioctrl: audio signal status (= 1 )not support!
04-17 11:26:15.748  1663  1663 I hstvos  : ==>[HS_DTV hs_mw_dtvchannel_manager.cpp 563] Info:scrambleType=0[1;32m[HSHAL][HS_VIDEO][HS_HAL_Video_Get_SignalStatusSync][994] time[390631] source = 1, *signal == 2  !
04-17 11:26:16.662  2497  2800 I TV_JNI_DTV: DTV til_scan_new_channel_found_cb -> channel is NULL, calling callback with source only...
04-17 11:26:18.766  1663  1663 I hstvos  : ==>[HS_DTV hs_mw_dtvchannel_manager.cpp 563] Info:scrambleType=0[1;32m[HSHAL][HS_VIDEO][HS_HAL_Video_Get_SignalStatusSync][994] time[393649] source = 1, *signal == 2  !
04-17 11:26:19.438  1699  4621 I TVMW@audioctrl: audio signal status (= 1 )not support!
04-17 11:26:21.775  1663  1663 I hstvos  : ==>[HS_DTV hs_mw_dtvchannel_manager.cpp 563] Info:scrambleType=0[1;32m[HSHAL][HS_VIDEO][HS_HAL_Video_Get_SignalStatusSync][994] time[396658] source = 1, *signal == 2  !
04-17 11:26:24.318  1699  4621 I TVMW@audioctrl: audio signal status (= 1 )not support!
04-17 11:26:24.787  1663  1663 I hstvos  : ==>[HS_DTV hs_mw_dtvchannel_manager.cpp 563] Info:scrambleType=0[1;32m[HSHAL][HS_VIDEO][HS_HAL_Video_Get_SignalStatusSync][994] time[399670] source = 1, *signal == 2  !
04-17 11:26:25.061  2497  2800 I TV_JNI_DTV: DTV til_scan_new_channel_found_cb -> channel is NULL, calling callback with source only...
04-17 11:26:27.952  1663  1663 I hstvos  : ==>[HS_DTV hs_mw_dtvchannel_manager.cpp 563] Info:scrambleType=0[1;32m[HSHAL][HS_VIDEO][HS_HAL_Video_Get_SignalStatusSync][994] time[402835] source = 1, *signal == 2  !
04-17 11:26:29.540  1699  4621 I TVMW@audioctrl: audio signal status (= 1 )not support!
04-17 11:26:30.958  1663  1663 I hstvos  : ==>[HS_DTV hs_mw_dtvchannel_manager.cpp 563] Info:scrambleType=0[1;32m[HSHAL][HS_VIDEO][HS_HAL_Video_Get_SignalStatusSync][994] time[405841] source = 1, *signal == 2  !
04-17 11:26:33.466  2497  2800 I TV_JNI_DTV: DTV til_scan_new_channel_found_cb -> channel is NULL, calling callback with source only...
04-17 11:26:34.286  1663  1663 I hstvos  : ==>[HS_DTV hs_mw_dtvchannel_manager.cpp 563] Info:scrambleType=0[1;32m[HSHAL][HS_VIDEO][HS_HAL_Video_Get_SignalStatusSync][994] time[409170] source = 1, *signal == 2  !
04-17 11:26:34.816  1699  4621 I TVMW@audioctrl: audio signal status (= 1 )not support!
04-17 11:26:37.297  1663  1663 I hstvos  : ==>[HS_DTV hs_mw_dtvchannel_manager.cpp 563] Info:scrambleType=0[1;32m[HSHAL][HS_VIDEO][HS_HAL_Video_Get_SignalStatusSync][994] time[412180] source = 1, *signal == 2  !
04-17 11:26:39.693  1699  4621 I TVMW@audioctrl: audio signal status (= 1 )not support!
04-17 11:26:40.303  1663  1663 I hstvos  : ==>[HS_DTV hs_mw_dtvchannel_manager.cpp 563] Info:scrambleType=0[1;32m[HSHAL][HS_VIDEO][HS_HAL_Video_Get_SignalStatusSync][994] time[415186] source = 1, *signal == 2  !
04-17 11:26:41.866  2497  4484 I TV_JNI_DTV: DTV til_scan_new_channel_found_cb -> channel is NULL, calling callback with source only...
04-17 11:26:43.497  1663  1663 I hstvos  : ==>[HS_DTV hs_mw_dtvchannel_manager.cpp 563] Info:scrambleType=0[1;32m[HSHAL][HS_VIDEO][HS_HAL_Video_Get_SignalStatusSync][994] time[418380] source = 1, *signal == 2  !
04-17 11:26:44.903  1699  4621 I TVMW@audioctrl: audio signal status (= 1 )not support!
04-17 11:26:46.505  1663  1663 I hstvos  : [0m[1;32m[HSHAL][HS_VIDEO][HS_HAL_Video_Get_SignalStatusSync][994] time[421388] source = 1, *signal == 2  !
04-17 11:26:49.833  1663  1663 I hstvos  : ==>[HS_DTV hs_mw_dtvchannel_manager.cpp 563] Info:scrambleType=0[1;32m[HSHAL][HS_VIDEO][HS_HAL_Video_Get_SignalStatusSync][994] time[424716] source = 1, *signal == 2  !
04-17 11:26:50.179  1699  4621 I TVMW@audioctrl: audio signal status (= 1 )not support!
04-17 11:26:50.267  2497  4484 I TV_JNI_DTV: DTV til_scan_new_channel_found_cb -> channel is NULL, calling callback with source only...
04-17 11:26:51.926  2497  2827 I TV_JNI_DTV: DTV til_scan_new_channel_found_cb -> channel is NULL, calling callback with source only...
04-17 11:26:53.607  1663  1663 I hstvos  : [0m[1;32m[HSHAL][HS_VIDEO][HS_HAL_Video_Get_SignalStatusSync][994] time[428490] source = 1, *signal == 2  !
04-17 11:26:54.877  1699  4621 D TVMW@dtvplayer: dtvplayer tuner unlock, notify no signal
04-17 11:26:54.878  2671  4346 D tilwrapper@client: source 512 ,signal status:1,File:vendor/hisense/til_layer/tilwrapper/hstv_client_wrapper.cpp,Line:778
04-17 11:26:54.878  2497  4484 D tilwrapper@client: source 512 ,signal status:1,File:vendor/hisense/til_layer/tilwrapper/hstv_client_wrapper.cpp,Line:778
04-17 11:26:54.888  2497  4484 I tilwrapper@client: DTV Notify no signal,File:vendor/hisense/til_layer/tilwrapper/hstv_client_wrapper.cpp,Line:842
04-17 11:26:54.904  1663  1663 I hstvos  : [;31m==> [HS_PRGM][hs_prgm_proglist.cpp 2119 ProgList_GetCurIndex()] E:p_curProgInfo is NULL.
04-17 11:26:54.920  1663  1663 I hstvos  : [;31m==> [HS_PRGM][hs_prgm_proglist.cpp 2119 ProgList_GetCurIndex()] E:p_curProgInfo is NULL.
04-17 11:26:55.849  2450  2873 I TvStatusBar: postNoSignalCheck(): no signal, check 5s later. Source:513, status: 6
04-17 11:26:55.857  3153  3164 I PhysicalSourceDetection: postNoSignalCheck(): no signal, check 5s later. Source:513, status: 6
04-17 11:26:56.609  1663  1663 I hstvos  : [1;32m[HSHAL][HS_VIDEO][HS_HAL_Video_Get_SignalStatusSync][994] time[431492] source = 1, *signal == 2  !
04-17 11:26:56.671  1663  1663 I hstvos  : [1;33m[HSHAL][HS_VIDEO][HS_HAL_Video_Get_SignalStatusSync][981] time[431554] source = 1, video signal changed ! before = 2 ; now 1 !!! 
04-17 11:26:56.371  1699  4621 I TVMW@audioctrl: audio signal status (= 1 )not support!
04-17 11:26:56.560  1699  4621 I TVMW@videoctrl: video has no signal!
04-17 11:26:57.049  1699  4621 D TVMW@dtvplayer: dtvplayer Will notify signal scrambled
04-17 11:26:57.496  1699  4621 I TVMW@videoctrl: getSignalStatusSync signal status is [1]!
04-17 11:26:57.497  1699  4621 I TVMW@videoctrl: getSignalStatusSync signal status is [1]!
04-17 11:26:57.498  1699  4621 I TVMW@videoctrl: getSignalStatusSync signal status is [1]!
04-17 11:26:57.764  1699  4621 I TVMW@videoctrl: getSignalStatusSync in gettimmingresolution signal status is [1]!
04-17 11:26:58.002  1699  4621 I TVMW@videoctrl: video has no signal!
04-17 11:26:58.377  2497  2800 D tilwrapper@client: source 512 ,signal status:0,File:vendor/hisense/til_layer/tilwrapper/hstv_client_wrapper.cpp,Line:778
04-17 11:26:58.378  2671  2812 D tilwrapper@client: source 512 ,signal status:0,File:vendor/hisense/til_layer/tilwrapper/hstv_client_wrapper.cpp,Line:778
04-17 11:26:58.413  2497  2800 I tilwrapper@client:  dtvSelectChannelCallback signal ok 
04-17 11:26:58.841  1663  1663 I hstvos  : [0m[1;33m[HSHAL][HS_VIDEO][HS_HAL_Video_Get_SignalStatusSync][981] time[434725] source = 1, video signal changed ! before = 1 ; now 0 !!! 
04-17 11:26:58.842  1663  1663 I hstvos  : [0m[1;32m[HSHAL][HS_VIDEO][HS_HAL_Video_Get_SignalStatusSync][994] time[434725] source = 1, *signal == 0  !
04-17 11:27:01.844  1663  1663 I hstvos  : [0m[1;32m[HSHAL][HS_VIDEO][HS_HAL_Video_Get_SignalStatusSync][994] time[437727] source = 1, *signal == 0  !
04-17 11:27:04.851  1663  1663 I hstvos  : [0m[1;32m[HSHAL][HS_VIDEO][HS_HAL_Video_Get_SignalStatusSync][994] time[440734] source = 1, *signal == 0  !
04-17 11:27:07.242  1641  2734 E XCDipHardware_einstein: NULL window object
04-17 11:27:07.386  1641  2734 E XCDipHardware_einstein: CaptureScreen SkiaDecodeMutex mutex get failed
04-17 11:27:07.549  1641  4428 D XCDipHardware_einstein: [XCDipHardware]captureScreenMutex thread signal unlock
04-17 11:27:07.549  1641  5289 D XCDipHardware_einstein: [XCDipHardware] get unlock captureScreen Mem Mutex signal!
04-17 11:27:07.851  1663  1663 I hstvos  : [0m[1;32m[HSHAL][HS_VIDEO][HS_HAL_Video_Get_SignalStatusSync][994] time[443734] source = 1, *signal == 0  !
04-17 11:27:10.854  1663  1663 I hstvos  : [0m[1;32m[HSHAL][HS_VIDEO][HS_HAL_Video_Get_SignalStatusSync][994] time[446737] source = 1, *signal == 0  !
04-17 11:27:12.858  1663  1663 I hstvos  : [0m[1;32m[HSHAL][HS_VIDEO][HS_HAL_Video_Get_SignalStatusSync][994] time[449741] source = 1, *signal == 0  !
04-17 11:27:15.862  1663  1663 I hstvos  : [0m[1;32m[HSHAL][HS_VIDEO][HS_HAL_Video_Get_SignalStatusSync][994] time[452745] source = 1, *signal == 0  !
04-17 11:27:16.248  1641  4347 E XCDipHardware_einstein: NULL window object
04-17 11:27:16.250  1641  4347 E XCDipHardware_einstein: CaptureScreen SkiaDecodeMutex mutex get failed
04-17 11:27:16.431  1641  2803 D XCDipHardware_einstein: [XCDipHardware]captureScreenMutex thread signal unlock
04-17 11:27:16.432  1641  5389 D XCDipHardware_einstein: [XCDipHardware] get unlock captureScreen Mem Mutex signal!
04-17 11:27:18.875  1663  1663 I hstvos  : [0m[1;32m[HSHAL][HS_VIDEO][HS_HAL_Video_Get_SignalStatusSync][994] time[455759] source = 1, *signal == 0  !
04-17 11:27:21.876  1663  1663 I hstvos  : [0m[1;32m[HSHAL][HS_VIDEO][HS_HAL_Video_Get_SignalStatusSync][994] time[458759] source = 1, *signal == 0  !
04-17 11:27:24.891  1663  1663 I hstvos  : [0m[1;32m[HSHAL][HS_VIDEO][HS_HAL_Video_Get_SignalStatusSync][994] time[461774] source = 1, *signal == 0  !
04-17 11:27:26.257  1641  2173 E XCDipHardware_einstein: NULL window object
04-17 11:27:26.259  1641  2173 E XCDipHardware_einstein: CaptureScreen SkiaDecodeMutex mutex get failed
04-17 11:27:26.431  1641  4291 D XCDipHardware_einstein: [XCDipHardware]captureScreenMutex thread signal unlock
04-17 11:27:26.432  1641  5413 D XCDipHardware_einstein: [XCDipHardware] get unlock captureScreen Mem Mutex signal!
04-17 11:27:27.894  1663  1663 I hstvos  : [0m[1;32m[HSHAL][HS_VIDEO][HS_HAL_Video_Get_SignalStatusSync][994] time[464777] source = 1, *signal == 0  !
04-17 11:27:31.902  1663  1663 I hstvos  : [0m[1;32m[HSHAL][HS_VIDEO][HS_HAL_Video_Get_SignalStatusSync][994] time[467785] source = 1, *signal == 0  !
04-17 11:27:34.369  1641  2734 E XCDipHardware_einstein: NULL window object
04-17 11:27:34.371  1641  2734 E XCDipHardware_einstein: CaptureScreen SkiaDecodeMutex mutex get failed
04-17 11:27:34.532  2274  2814 I am_kill : [0,3291,com.hisense.startupimage,15,empty #17]
04-17 11:27:34.532  2274  2814 I Process : Sending signal Quiet. PID: 3291 SIG: 9
04-17 11:27:34.572  1641  4347 D XCDipHardware_einstein: [XCDipHardware]captureScreenMutex thread signal unlock
04-17 11:27:34.572  1641  5446 D XCDipHardware_einstein: [XCDipHardware] get unlock captureScreen Mem Mutex signal!
04-17 11:27:34.604  2274  2814 W System.err: 	at android.os.Process.killProcessQuiet(Process.java:1078)
04-17 11:27:34.604  2274  2814 W System.err: 	at com.android.server.am.ProcessRecord.kill(ProcessRecord.java:545)
04-17 11:27:34.682  2274  2798 I am_proc_died: [0,3291,com.hisense.startupimage]
04-17 11:27:34.910  1663  1663 I hstvos  : [0m[1;32m[HSHAL][HS_VIDEO][HS_HAL_Video_Get_SignalStatusSync][994] time[470794] source = 1, *signal == 0  !
04-17 11:27:37.269  1641  2664 E XCDipHardware_einstein: NULL window object
04-17 11:27:37.270  1641  2664 E XCDipHardware_einstein: CaptureScreen SkiaDecodeMutex mutex get failed
04-17 11:27:37.470  1641  2911 D XCDipHardware_einstein: [XCDipHardware]captureScreenMutex thread signal unlock
04-17 11:27:37.470  1641  5467 D XCDipHardware_einstein: [XCDipHardware] get unlock captureScreen Mem Mutex signal!
04-17 11:27:37.911  1663  1663 I hstvos  : [0m[1;32m[HSHAL][HS_VIDEO][HS_HAL_Video_Get_SignalStatusSync][994] time[473794] source = 1, *signal == 0  !
04-17 11:27:40.927  1663  1663 I hstvos  : [0m[1;32m[HSHAL][HS_VIDEO][HS_HAL_Video_Get_SignalStatusSync][994] time[476811] source = 1, *signal == 0  !
04-17 11:27:41.977  1663  1663 I hstvos  : [0m[1;33m[HSHAL][HS_VIDEO][HS_HAL_Video_Get_SignalStatusSync][981] time[477861] source = 1, video signal changed ! before = 0 ; now 2 !!! 
04-17 11:27:41.999  1663  1663 I hstvos  : [0m[1;33m[HSHAL][HS_VIDEO][HS_HAL_Video_Get_SignalStatusSync][981] time[477882] source = 1, video signal changed ! before = 2 ; now 1 !!! 
04-17 11:27:42.748  1699  4621 I TVMW@videoctrl: video has no signal!
04-17 11:27:43.033  1699  4621 I TVMW@videoctrl: getSignalStatusSync signal status is [1]!
04-17 11:27:43.034  1699  4621 I TVMW@videoctrl: getSignalStatusSync signal status is [1]!
04-17 11:27:43.036  1699  4621 I TVMW@videoctrl: getSignalStatusSync signal status is [1]!
04-17 11:27:43.036  2497  2795 D tilwrapper@client: source 512 ,signal status:0,File:vendor/hisense/til_layer/tilwrapper/hstv_client_wrapper.cpp,Line:778
04-17 11:27:43.037  2671  4346 D tilwrapper@client: source 512 ,signal status:0,File:vendor/hisense/til_layer/tilwrapper/hstv_client_wrapper.cpp,Line:778
04-17 11:27:43.067  2497  2795 I tilwrapper@client:  dtvSelectChannelCallback signal ok 
04-17 11:27:43.806  1699  4621 I TVMW@videoctrl: getSignalStatusSync in gettimmingresolution signal status is [1]!
04-17 11:27:43.928  1663  1663 I hstvos  : [0m[1;32m[HSHAL][HS_VIDEO][HS_HAL_Video_Get_SignalStatusSync][994] time[479811] source = 1, *signal == 1  !
04-17 11:27:44.226  2497  2507 D tilwrapper@client: source 512 ,signal status:0,File:vendor/hisense/til_layer/tilwrapper/hstv_client_wrapper.cpp,Line:778
04-17 11:27:44.226  2671  5207 D tilwrapper@client: source 512 ,signal status:0,File:vendor/hisense/til_layer/tilwrapper/hstv_client_wrapper.cpp,Line:778
04-17 11:27:44.274  2497  2507 I tilwrapper@client:  dtvSelectChannelCallback signal ok 
04-17 11:27:44.702  1663  1663 I hstvos  : [0m[1;33m[HSHAL][HS_VIDEO][HS_HAL_Video_Get_SignalStatusSync][981] time[480585] source = 1, video signal changed ! before = 1 ; now 0 !!! 
04-17 11:27:45.939  1663  1663 I hstvos  : [0m[1;32m[HSHAL][HS_VIDEO][HS_HAL_Video_Get_SignalStatusSync][994] time[482823] source = 1, *signal == 0  !
04-17 11:27:46.281  1641  5217 E XCDipHardware_einstein: NULL window object
04-17 11:27:46.286  1641  5217 E XCDipHardware_einstein: CaptureScreen SkiaDecodeMutex mutex get failed
04-17 11:27:48.300  1641  4291 D XCDipHardware_einstein: [XCDipHardware]captureScreenMutex thread signal unlock
04-17 11:27:48.957  1663  1663 I hstvos  : [0m[1;32m[HSHAL][HS_VIDEO][HS_HAL_Video_Get_SignalStatusSync][994] time[485839] source = 1, *signal == 0  !
04-17 11:27:51.959  1663  1663 I hstvos  : [0m[1;32m[HSHAL][HS_VIDEO][HS_HAL_Video_Get_SignalStatusSync][994] time[488841] source = 1, *signal == 0  !
04-17 11:27:52.050  2274  2481 I am_new_intent: [0,90371172,10,com.jamdeo.tv.livetv/.LiveTvActivity,android.intent.action.VIEW,NULL,NULL,268435456]
04-17 11:27:52.760  1663  1663 I hstvos  : [0m[1;33m[HSHAL][HS_VIDEO][HS_HAL_Video_Get_SignalStatusSync][981] time[489643] source = 1, video signal changed ! before = 0 ; now 1 !!! 
04-17 11:27:53.159  1699  4621 I TVMW@videoctrl: video has no signal!
04-17 11:27:53.490  1699  4621 I TVMW@videoctrl: getSignalStatusSync signal status is [1]!
04-17 11:27:53.492  1699  4621 I TVMW@videoctrl: getSignalStatusSync signal status is [1]!
04-17 11:27:53.497  1699  4621 I TVMW@videoctrl: getSignalStatusSync signal status is [1]!
04-17 11:27:53.497  2671  4555 D tilwrapper@client: source 512 ,signal status:0,File:vendor/hisense/til_layer/tilwrapper/hstv_client_wrapper.cpp,Line:778
04-17 11:27:53.497  2497  2508 D tilwrapper@client: source 512 ,signal status:0,File:vendor/hisense/til_layer/tilwrapper/hstv_client_wrapper.cpp,Line:778
04-17 11:27:53.558  2497  2508 I tilwrapper@client:  dtvSelectChannelCallback signal ok 
04-17 11:27:54.244  1699  4621 I TVMW@videoctrl: getSignalStatusSync in gettimmingresolution signal status is [1]!
04-17 11:27:54.570  2497  2507 D tilwrapper@client: source 512 ,signal status:0,File:vendor/hisense/til_layer/tilwrapper/hstv_client_wrapper.cpp,Line:778
04-17 11:27:54.570  2671  5207 D tilwrapper@client: source 512 ,signal status:0,File:vendor/hisense/til_layer/tilwrapper/hstv_client_wrapper.cpp,Line:778
04-17 11:27:54.615  2497  2507 I tilwrapper@client:  dtvSelectChannelCallback signal ok 
04-17 11:27:55.038  1663  1663 I hstvos  : [0m[1;33m[HSHAL][HS_VIDEO][HS_HAL_Video_Get_SignalStatusSync][981] time[491921] source = 1, video signal changed ! before = 1 ; now 0 !!! 
04-17 11:27:55.038  1663  1663 I hstvos  : [0m[1;32m[HSHAL][HS_VIDEO][HS_HAL_Video_Get_SignalStatusSync][994] time[491921] source = 1, *signal == 0  !
04-17 11:27:56.365  1641  2917 E XCDipHardware_einstein: NULL window object
04-17 11:27:56.367  1641  2917 E XCDipHardware_einstein: CaptureScreen SkiaDecodeMutex mutex get failed
04-17 11:27:57.717  2274  3070 I am_new_intent: [0,193786576,10,com.jamdeo.tv.livetv/.LiveTvActivity,android.intent.action.VIEW,NULL,NULL,268435456]
04-17 11:27:58.290  1641  2348 D XCDipHardware_einstein: [XCDipHardware]captureScreenMutex thread signal unlock
04-17 11:27:58.319  1663  1663 I hstvos  : [0m[1;33m[HSHAL][HS_VIDEO][HS_HAL_Video_Get_SignalStatusSync][981] time[495202] source = 1, video signal changed ! before = 0 ; now 1 !!! 
04-17 11:27:58.319  1663  1663 I hstvos  : [0m[1;32m[HSHAL][HS_VIDEO][HS_HAL_Video_Get_SignalStatusSync][994] time[495202] source = 1, *signal == 1  !
04-17 11:27:58.591  1699  4621 I TVMW@videoctrl: getSignalStatusSync signal status is [1]!
04-17 11:27:58.592  1699  4621 I TVMW@videoctrl: getSignalStatusSync signal status is [1]!
04-17 11:27:58.594  1699  4621 I TVMW@videoctrl: getSignalStatusSync signal status is [1]!
04-17 11:27:58.594  2497  2800 D tilwrapper@client: source 512 ,signal status:0,File:vendor/hisense/til_layer/tilwrapper/hstv_client_wrapper.cpp,Line:778
04-17 11:27:58.594  2671  4555 D tilwrapper@client: source 512 ,signal status:0,File:vendor/hisense/til_layer/tilwrapper/hstv_client_wrapper.cpp,Line:778
04-17 11:27:58.643  2497  2800 I tilwrapper@client:  dtvSelectChannelCallback signal ok 
04-17 11:28:01.542  1699  4621 I TVMW@videoctrl: getSignalStatusSync in gettimmingresolution signal status is [0]!
04-17 11:28:01.542  1663  1663 I hstvos  : [0m[1;33m[HSHAL][HS_VIDEO][HS_HAL_Video_Get_SignalStatusSync][981] time[498426] source = 1, video signal changed ! before = 1 ; now 0 !!! 
04-17 11:28:01.543  1663  1663 I hstvos  : [0m[1;32m[HSHAL][HS_VIDEO][HS_HAL_Video_Get_SignalStatusSync][994] time[498426] source = 1, *signal == 0  !
04-17 11:28:07.410  1663  1663 I hstvos  : [0m[1;32m[HSHAL][HS_VIDEO][HS_HAL_Video_Get_SignalStatusSync][994] time[503293] source = 1, *signal == 0  !
04-17 11:28:07.434  1641  5217 E XCDipHardware_einstein: NULL window object
04-17 11:28:07.463  2497  2827 D tilwrapper@client: source 512 ,signal status:0,File:vendor/hisense/til_layer/tilwrapper/hstv_client_wrapper.cpp,Line:778
04-17 11:28:07.463  2671  4346 D tilwrapper@client: source 512 ,signal status:0,File:vendor/hisense/til_layer/tilwrapper/hstv_client_wrapper.cpp,Line:778
04-17 11:28:07.518  2497  2827 I tilwrapper@client:  dtvSelectChannelCallback signal ok 
04-17 11:28:07.749  1641  2349 D XCDipHardware_einstein: [XCDipHardware]captureScreenMutex thread signal unlock
04-17 11:28:07.750  1641  5570 D XCDipHardware_einstein: [XCDipHardware] get unlock captureScreen Mem Mutex signal!
04-17 11:28:10.411  1663  1663 I hstvos  : [0m[1;32m[HSHAL][HS_VIDEO][HS_HAL_Video_Get_SignalStatusSync][994] time[506295] source = 1, *signal == 0  !
04-17 11:28:13.422  1663  1663 I hstvos  : [0m[1;32m[HSHAL][HS_VIDEO][HS_HAL_Video_Get_SignalStatusSync][994] time[509306] source = 1, *signal == 0  !
04-17 11:28:16.424  1663  1663 I hstvos  : [0m[1;32m[HSHAL][HS_VIDEO][HS_HAL_Video_Get_SignalStatusSync][994] time[512307] source = 1, *signal == 0  !
04-17 11:28:17.312  1641  1641 E XCDipHardware_einstein: NULL window object
04-17 11:28:17.313  1641  1641 E XCDipHardware_einstein: CaptureScreen SkiaDecodeMutex mutex get failed
04-17 11:28:19.328  1641  2917 D XCDipHardware_einstein: [XCDipHardware]captureScreenMutex thread signal unlock
04-17 11:28:19.436  1663  1663 I hstvos  : [0m[1;32m[HSHAL][HS_VIDEO][HS_HAL_Video_Get_SignalStatusSync][994] time[515319] source = 1, *signal == 0  !
04-17 11:28:21.437  1663  1663 I hstvos  : [0m[1;32m[HSHAL][HS_VIDEO][HS_HAL_Video_Get_SignalStatusSync][994] time[518321] source = 1, *signal == 0  !
04-17 11:28:24.456  1663  1663 I hstvos  : [0m[1;32m[HSHAL][HS_VIDEO][HS_HAL_Video_Get_SignalStatusSync][994] time[521339] source = 1, *signal == 0  !
04-17 11:28:26.310  1641  4291 E XCDipHardware_einstein: NULL window object
04-17 11:28:26.312  1641  4291 E XCDipHardware_einstein: CaptureScreen SkiaDecodeMutex mutex get failed
04-17 11:28:27.457  1663  1663 I hstvos  : [0m[1;32m[HSHAL][HS_VIDEO][HS_HAL_Video_Get_SignalStatusSync][994] time[524340] source = 1, *signal == 0  !
04-17 11:28:28.324  1641  5217 D XCDipHardware_einstein: [XCDipHardware]captureScreenMutex thread signal unlock
04-17 11:28:30.469  1663  1663 I hstvos  : [0m[1;32m[HSHAL][HS_VIDEO][HS_HAL_Video_Get_SignalStatusSync][994] time[527353] source = 1, *signal == 0  !
04-17 11:28:33.483  1663  1663 I hstvos  : [0m[1;32m[HSHAL][HS_VIDEO][HS_HAL_Video_Get_SignalStatusSync][994] time[530366] source = 1, *signal == 0  !
04-17 11:28:36.301  1641  4428 E XCDipHardware_einstein: NULL window object
04-17 11:28:36.302  1641  4428 E XCDipHardware_einstein: CaptureScreen SkiaDecodeMutex mutex get failed
04-17 11:28:36.497  1663  1663 I hstvos  : [0m[1;32m[HSHAL][HS_VIDEO][HS_HAL_Video_Get_SignalStatusSync][994] time[533380] source = 1, *signal == 0  !
04-17 11:28:38.324  1641  4291 D XCDipHardware_einstein: [XCDipHardware]captureScreenMutex thread signal unlock
04-17 11:28:39.115  2274  3069 I am_new_intent: [0,211697300,6,com.jamdeo.launcher/com.jamdeo.android.vidaa5launcher.MainActivity,android.intent.action.MAIN,NULL,NULL,281018368]
04-17 11:28:39.500  1663  1663 I hstvos  : [0m[1;32m[HSHAL][HS_VIDEO][HS_HAL_Video_Get_SignalStatusSync][994] time[536383] source = 1, *signal == 0  !
04-17 11:28:43.176  1663  1663 I hstvos  : [0m[1;33m[HSHAL][HS_VIDEO][HS_HAL_Video_Get_SignalStatusSync][981] time[539060] source = 1, video signal changed ! before = 0 ; now 1 !!! 
04-17 11:28:43.199  1663  1663 I hstvos  : [0m[1;33m[HSHAL][HS_VIDEO][HS_HAL_Video_Get_SignalStatusSync][981] time[539081] source = 1, video signal changed ! before = 1 ; now 2 !!! 
04-17 11:28:43.219  1663  1663 I hstvos  : [0m[1;33m[HSHAL][HS_VIDEO][HS_HAL_Video_Get_SignalStatusSync][981] time[539102] source = 1, video signal changed ! before = 2 ; now 1 !!! 
04-17 11:28:43.341  1699  4621 I TVMW@videoctrl: video has no signal!
04-17 11:28:43.505  1663  1663 I hstvos  : [0m[1;32m[HSHAL][HS_VIDEO][HS_HAL_Video_Get_SignalStatusSync][994] time[539388] source = 1, *signal == 1  !
04-17 11:28:44.004  1699  4621 I TVMW@videoctrl: getSignalStatusSync signal status is [1]!
04-17 11:28:44.006  1699  4621 I TVMW@videoctrl: getSignalStatusSync signal status is [1]!
04-17 11:28:44.008  2497  2508 D tilwrapper@client: source 512 ,signal status:0,File:vendor/hisense/til_layer/tilwrapper/hstv_client_wrapper.cpp,Line:778
04-17 11:28:44.009  2671  4569 D tilwrapper@client: source 512 ,signal status:0,File:vendor/hisense/til_layer/tilwrapper/hstv_client_wrapper.cpp,Line:778
04-17 11:28:44.010  1699  4621 I TVMW@videoctrl: getSignalStatusSync signal status is [1]!
04-17 11:28:44.085  2497  2508 I tilwrapper@client:  dtvSelectChannelCallback signal ok 
04-17 11:28:44.899  1699  4621 I TVMW@videoctrl: getSignalStatusSync in gettimmingresolution signal status is [1]!
04-17 11:28:49.766  1663  1663 I hstvos  : [0m[1;33m[HSHAL][HS_VIDEO][HS_HAL_Video_Get_SignalStatusSync][981] time[545649] source = 1, video signal changed ! before = 1 ; now 0 !!! 
04-17 11:28:49.767  1663  1663 I hstvos  : [0m[1;32m[HSHAL][HS_VIDEO][HS_HAL_Video_Get_SignalStatusSync][994] time[545650] source = 1, *signal == 0  !
04-17 11:28:49.788  1641  2803 E XCDipHardware_einstein: NULL window object
04-17 11:28:49.792  1641  2803 E XCDipHardware_einstein: CaptureScreen SkiaDecodeMutex mutex get failed
04-17 11:28:49.822  2497  2827 D tilwrapper@client: source 512 ,signal status:0,File:vendor/hisense/til_layer/tilwrapper/hstv_client_wrapper.cpp,Line:778
04-17 11:28:49.822  2671  2683 D tilwrapper@client: source 512 ,signal status:0,File:vendor/hisense/til_layer/tilwrapper/hstv_client_wrapper.cpp,Line:778
04-17 11:28:49.880  2497  2827 I tilwrapper@client:  dtvSelectChannelCallback signal ok 
04-17 11:28:52.783  1663  1663 I hstvos  : [1;32m[HSHAL][HS_VIDEO][HS_HAL_Video_Get_SignalStatusSync][994] time[548666] source = 1, *signal == 0  !
04-17 11:28:55.520  1663  1663 I hstvos  : [0m[1;33m[HSHAL][HS_VIDEO][HS_HAL_Video_Get_SignalStatusSync][981] time[551404] source = 1, video signal changed ! before = 0 ; now 1 !!! 
04-17 11:28:55.794  1663  1663 I hstvos  : [0m[1;32m[HSHAL][HS_VIDEO][HS_HAL_Video_Get_SignalStatusSync][994] time[551678] source = 1, *signal == 1  !
04-17 11:28:55.814  1699  4621 I TVMW@videoctrl: video has no signal!
04-17 11:28:56.044  1699  4621 I TVMW@videoctrl: getSignalStatusSync signal status is [1]!
04-17 11:28:56.044  1699  4621 I TVMW@videoctrl: getSignalStatusSync signal status is [1]!
04-17 11:28:56.047  2671  4553 D tilwrapper@client: source 512 ,signal status:0,File:vendor/hisense/til_layer/tilwrapper/hstv_client_wrapper.cpp,Line:778
04-17 11:28:56.048  1699  4621 I TVMW@videoctrl: getSignalStatusSync signal status is [1]!
04-17 11:28:56.059  2497  2508 D tilwrapper@client: source 512 ,signal status:0,File:vendor/hisense/til_layer/tilwrapper/hstv_client_wrapper.cpp,Line:778
04-17 11:28:56.112  2497  2508 I tilwrapper@client:  dtvSelectChannelCallback signal ok 
04-17 11:29:00.113  1641  2734 E XCDipHardware_einstein: NULL window object
04-17 11:29:00.116  1641  2734 E XCDipHardware_einstein: CaptureScreen SkiaDecodeMutex mutex get failed
04-17 11:29:00.215  1699  4621 I TVMW@videoctrl: getSignalStatusSync in gettimmingresolution signal status is [0]!
04-17 11:29:00.215  1663  1663 I hstvos  : [0m[1;33m[HSHAL][HS_VIDEO][HS_HAL_Video_Get_SignalStatusSync][981] time[557098] source = 1, video signal changed ! before = 1 ; now 0 !!! 
04-17 11:29:00.215  1663  1663 I hstvos  : [0m[1;32m[HSHAL][HS_VIDEO][HS_HAL_Video_Get_SignalStatusSync][994] time[557098] source = 1, *signal == 0  !
04-17 11:29:05.067  1663  1663 I hstvos  : [0m[1;32m[HSHAL][HS_VIDEO][HS_HAL_Video_Get_SignalStatusSync][994] time[561950] source = 1, *signal == 0  !
04-17 11:29:05.120  2671  2777 D tilwrapper@client: source 512 ,signal status:0,File:vendor/hisense/til_layer/tilwrapper/hstv_client_wrapper.cpp,Line:778
04-17 11:29:05.120  2497  2800 D tilwrapper@client: source 512 ,signal status:0,File:vendor/hisense/til_layer/tilwrapper/hstv_client_wrapper.cpp,Line:778
04-17 11:29:05.175  2497  2800 I tilwrapper@client:  dtvSelectChannelCallback signal ok 
04-17 11:29:06.327  1641  5659 E XCDipHardware_einstein: NULL window object
04-17 11:29:06.329  1641  5659 E XCDipHardware_einstein: CaptureScreen SkiaDecodeMutex mutex get failed
04-17 11:29:08.082  1663  1663 I hstvos  : [0m[1;32m[HSHAL][HS_VIDEO][HS_HAL_Video_Get_SignalStatusSync][994] time[564965] source = 1, *signal == 0  !
04-17 11:29:08.361  1641  2348 D XCDipHardware_einstein: [XCDipHardware]captureScreenMutex thread signal unlock
04-17 11:29:09.587  1663  1663 I hstvos  : [0m[1;33m[HSHAL][HS_VIDEO][HS_HAL_Video_Get_SignalStatusSync][981] time[566470] source = 1, video signal changed ! before = 0 ; now 1 !!! 
04-17 11:29:09.838  1699  4621 I TVMW@audioctrl: audio signal status (= 1 )not support!
04-17 11:29:10.047  1699  4621 I TVMW@videoctrl: getSignalStatusSync signal status is [1]!
04-17 11:29:10.048  1699  4621 I TVMW@videoctrl: getSignalStatusSync signal status is [1]!
04-17 11:29:10.050  1699  4621 I TVMW@videoctrl: getSignalStatusSync signal status is [1]!
04-17 11:29:10.051  2497  2508 D tilwrapper@client: source 512 ,signal status:0,File:vendor/hisense/til_layer/tilwrapper/hstv_client_wrapper.cpp,Line:778
04-17 11:29:10.053  2671  4555 D tilwrapper@client: source 512 ,signal status:0,File:vendor/hisense/til_layer/tilwrapper/hstv_client_wrapper.cpp,Line:778
04-17 11:29:10.101  2497  2508 I tilwrapper@client:  dtvSelectChannelCallback signal ok 
04-17 11:29:11.259  1699  4621 I TVMW@videoctrl: getSignalStatusSync in gettimmingresolution signal status is [0]!
04-17 11:29:11.259  1663  1663 I hstvos  : [0m[1;33m[HSHAL][HS_VIDEO][HS_HAL_Video_Get_SignalStatusSync][981] time[568143] source = 1, video signal changed ! before = 1 ; now 0 !!! 
04-17 11:29:11.259  1663  1663 I hstvos  : [0m[1;32m[HSHAL][HS_VIDEO][HS_HAL_Video_Get_SignalStatusSync][994] time[568143] source = 1, *signal == 0  !
04-17 11:29:17.251  1663  1663 I hstvos  : [0m[1;32m[HSHAL][HS_VIDEO][HS_HAL_Video_Get_SignalStatusSync][994] time[573134] source = 1, *signal == 0  !
04-17 11:29:17.304  2671  2812 D tilwrapper@client: source 512 ,signal status:0,File:vendor/hisense/til_layer/tilwrapper/hstv_client_wrapper.cpp,Line:778
04-17 11:29:17.304  2497  4484 D tilwrapper@client: source 512 ,signal status:0,File:vendor/hisense/til_layer/tilwrapper/hstv_client_wrapper.cpp,Line:778
04-17 11:29:17.405  1641  2664 E XCDipHardware_einstein: NULL window object
04-17 11:29:17.408  1641  2664 E XCDipHardware_einstein: CaptureScreen SkiaDecodeMutex mutex get failed
04-17 11:29:17.416  2497  4484 I tilwrapper@client:  dtvSelectChannelCallback signal ok 
04-17 11:29:20.256  1663  1663 I hstvos  : [0m[1;32m[HSHAL][HS_VIDEO][HS_HAL_Video_Get_SignalStatusSync][994] time[576139] source = 1, *signal == 0  !
04-17 11:29:23.257  1663  1663 I hstvos  : [0m[1;32m[HSHAL][HS_VIDEO][HS_HAL_Video_Get_SignalStatusSync][994] time[579140] source = 1, *signal == 0  !
04-17 11:29:26.263  1663  1663 I hstvos  : [0m[1;32m[HSHAL][HS_VIDEO][HS_HAL_Video_Get_SignalStatusSync][994] time[582146] source = 1, *signal == 0  !
04-17 11:29:27.233  1663  1663 I hstvos  : [0m[1;33m[HSHAL][HS_VIDEO][HS_HAL_Video_Get_SignalStatusSync][981] time[583116] source = 1, video signal changed ! before = 0 ; now 1 !!! 
04-17 11:29:27.299  1663  1663 I hstvos  : [0m[1;33m[HSHAL][HS_VIDEO][HS_HAL_Video_Get_SignalStatusSync][981] time[583182] source = 1, video signal changed ! before = 1 ; now 2 !!! 
04-17 11:29:27.319  1663  1663 I hstvos  : [0m[1;33m[HSHAL][HS_VIDEO][HS_HAL_Video_Get_SignalStatusSync][981] time[583203] source = 1, video signal changed ! before = 2 ; now 1 !!! 
04-17 11:29:27.364  1641  2349 E XCDipHardware_einstein: NULL window object
04-17 11:29:27.370  1641  2349 E XCDipHardware_einstein: CaptureScreen SkiaDecodeMutex mutex get failed
04-17 11:29:27.532  1699  4621 I TVMW@videoctrl: video has no signal!
04-17 11:29:27.913  1699  4621 I TVMW@videoctrl: getSignalStatusSync signal status is [1]!
04-17 11:29:27.914  1699  4621 I TVMW@videoctrl: getSignalStatusSync signal status is [1]!
04-17 11:29:27.917  1699  4621 I TVMW@videoctrl: getSignalStatusSync signal status is [1]!
04-17 11:29:27.919  2671  2683 D tilwrapper@client: source 512 ,signal status:0,File:vendor/hisense/til_layer/tilwrapper/hstv_client_wrapper.cpp,Line:778
04-17 11:29:27.919  2497  4484 D tilwrapper@client: source 512 ,signal status:0,File:vendor/hisense/til_layer/tilwrapper/hstv_client_wrapper.cpp,Line:778
04-17 11:29:28.002  2497  4484 I tilwrapper@client:  dtvSelectChannelCallback signal ok 
04-17 11:29:28.733  1699  4621 I TVMW@videoctrl: getSignalStatusSync in gettimmingresolution signal status is [1]!
04-17 11:29:32.647  1663  1663 I hstvos  : [0m[1;33m[HSHAL][HS_VIDEO][HS_HAL_Video_Get_SignalStatusSync][981] time[589531] source = 1, video signal changed ! before = 1 ; now 0 !!! 
04-17 11:29:32.647  1663  1663 I hstvos  : [0m[1;32m[HSHAL][HS_VIDEO][HS_HAL_Video_Get_SignalStatusSync][994] time[589531] source = 1, *signal == 0  !
04-17 11:29:32.700  2497  2795 D tilwrapper@client: source 512 ,signal status:0,File:vendor/hisense/til_layer/tilwrapper/hstv_client_wrapper.cpp,Line:778
04-17 11:29:32.700  2671  4569 D tilwrapper@client: source 512 ,signal status:0,File:vendor/hisense/til_layer/tilwrapper/hstv_client_wrapper.cpp,Line:778
04-17 11:29:32.755  2497  2795 I tilwrapper@client:  dtvSelectChannelCallback signal ok 
04-17 11:29:35.647  1663  1663 I hstvos  : [0m[1;32m[HSHAL][HS_VIDEO][HS_HAL_Video_Get_SignalStatusSync][994] time[592531] source = 1, *signal == 0  !
04-17 11:29:36.361  1641  4291 E XCDipHardware_einstein: NULL window object
04-17 11:29:36.364  1641  4291 E XCDipHardware_einstein: CaptureScreen SkiaDecodeMutex mutex get failed
04-17 11:29:38.089  1663  1663 I hstvos  : [0m[1;33m[HSHAL][HS_VIDEO][HS_HAL_Video_Get_SignalStatusSync][981] time[594973] source = 1, video signal changed ! before = 0 ; now 1 !!! 
04-17 11:29:38.374  1641  2664 D XCDipHardware_einstein: [XCDipHardware]captureScreenMutex thread signal unlock
04-17 11:29:38.658  1663  1663 I hstvos  : [0m[1;32m[HSHAL][HS_VIDEO][HS_HAL_Video_Get_SignalStatusSync][994] time[595542] source = 1, *signal == 1  !
04-17 11:29:38.700  1699  4621 I TVMW@videoctrl: video has no signal!
04-17 11:29:39.134  1699  4621 I TVMW@videoctrl: getSignalStatusSync signal status is [1]!
04-17 11:29:39.135  1699  4621 I TVMW@videoctrl: getSignalStatusSync signal status is [1]!
04-17 11:29:39.136  2497  4484 D tilwrapper@client: source 512 ,signal status:0,File:vendor/hisense/til_layer/tilwrapper/hstv_client_wrapper.cpp,Line:778
04-17 11:29:39.136  2671  2683 D tilwrapper@client: source 512 ,signal status:0,File:vendor/hisense/til_layer/tilwrapper/hstv_client_wrapper.cpp,Line:778
04-17 11:29:39.138  1699  4621 I TVMW@videoctrl: getSignalStatusSync signal status is [1]!
04-17 11:29:39.189  2497  4484 I tilwrapper@client:  dtvSelectChannelCallback signal ok 
04-17 11:29:44.035  1663  1663 I hstvos  : [0m[1;33m[HSHAL][HS_VIDEO][HS_HAL_Video_Get_SignalStatusSync][981] time[600918] source = 1, video signal changed ! before = 1 ; now 0 !!! 
04-17 11:29:44.036  1663  1663 I hstvos  : [0m[1;32m[HSHAL][HS_VIDEO][HS_HAL_Video_Get_SignalStatusSync][994] time[600919] source = 1, *signal == 0  !
04-17 11:29:44.036  1699  4621 I TVMW@videoctrl: getSignalStatusSync in gettimmingresolution signal status is [0]!
04-17 11:29:48.991  1663  1663 I hstvos  : [0m[1;32m[HSHAL][HS_VIDEO][HS_HAL_Video_Get_SignalStatusSync][994] time[605874] source = 1, *signal == 0  !
04-17 11:29:49.005  1641  2173 E XCDipHardware_einstein: NULL window object
04-17 11:29:49.007  1641  2173 E XCDipHardware_einstein: CaptureScreen SkiaDecodeMutex mutex get failed
04-17 11:29:49.049  2671  4555 D tilwrapper@client: source 512 ,signal status:0,File:vendor/hisense/til_layer/tilwrapper/hstv_client_wrapper.cpp,Line:778
04-17 11:29:49.049  2497  2795 D tilwrapper@client: source 512 ,signal status:0,File:vendor/hisense/til_layer/tilwrapper/hstv_client_wrapper.cpp,Line:778
04-17 11:29:49.113  2497  2795 I tilwrapper@client:  dtvSelectChannelCallback signal ok 
04-17 11:29:49.251  1641  5217 D XCDipHardware_einstein: [XCDipHardware]captureScreenMutex thread signal unlock
04-17 11:29:49.251  1641  5848 D XCDipHardware_einstein: [XCDipHardware] get unlock captureScreen Mem Mutex signal!
04-17 11:29:52.991  1663  1663 I hstvos  : [0m[1;32m[HSHAL][HS_VIDEO][HS_HAL_Video_Get_SignalStatusSync][994] time[608875] source = 1, *signal == 0  !
04-17 11:29:56.008  1663  1663 I hstvos  : [0m[1;32m[HSHAL][HS_VIDEO][HS_HAL_Video_Get_SignalStatusSync][994] time[611891] source = 1, *signal == 0  !
04-17 11:29:57.373  1641  2803 E XCDipHardware_einstein: NULL window object
04-17 11:29:57.374  1641  2803 E XCDipHardware_einstein: CaptureScreen SkiaDecodeMutex mutex get failed
04-17 11:29:59.014  1663  1663 I hstvos  : [0m[1;32m[HSHAL][HS_VIDEO][HS_HAL_Video_Get_SignalStatusSync][994] time[614898] source = 1, *signal == 0  !
04-17 11:29:59.405  1641  2664 D XCDipHardware_einstein: [XCDipHardware]captureScreenMutex thread signal unlock
04-17 11:30:02.031  1663  1663 I hstvos  : [0m[1;32m[HSHAL][HS_VIDEO][HS_HAL_Video_Get_SignalStatusSync][994] time[617915] source = 1, *signal == 0  !
04-17 11:30:05.032  1663  1663 I hstvos  : [0m[1;32m[HSHAL][HS_VIDEO][HS_HAL_Video_Get_SignalStatusSync][994] time[620915] source = 1, *signal == 0  !
04-17 11:30:07.362  1641  4347 E XCDipHardware_einstein: NULL window object
04-17 11:30:07.365  1641  4347 E XCDipHardware_einstein: CaptureScreen SkiaDecodeMutex mutex get failed
04-17 11:30:08.046  1663  1663 I hstvos  : [0m[1;32m[HSHAL][HS_VIDEO][HS_HAL_Video_Get_SignalStatusSync][994] time[623929] source = 1, *signal == 0  !
04-17 11:30:09.377  1641  2803 D XCDipHardware_einstein: [XCDipHardware]captureScreenMutex thread signal unlock
04-17 11:30:11.048  1663  1663 I hstvos  : [0m[1;32m[HSHAL][HS_VIDEO][HS_HAL_Video_Get_SignalStatusSync][994] time[626932] source = 1, *signal == 0  !
04-17 11:30:12.757  1663  1663 I hstvos  : [0m[1;33m[HSHAL][HS_VIDEO][HS_HAL_Video_Get_SignalStatusSync][981] time[629640] source = 1, video signal changed ! before = 0 ; now 1 !!! 
04-17 11:30:13.049  1663  1663 I hstvos  : [0m[1;32m[HSHAL][HS_VIDEO][HS_HAL_Video_Get_SignalStatusSync][994] time[629932] source = 1, *signal == 1  !
04-17 11:30:13.317  1699  4621 I TVMW@videoctrl: video has no signal!
04-17 11:30:13.318  1699  4621 I TVMW@videoctrl: getSignalStatusSync signal status is [1]!
04-17 11:30:13.320  1699  4621 I TVMW@videoctrl: getSignalStatusSync signal status is [1]!
04-17 11:30:13.324  2497  2507 D tilwrapper@client: source 512 ,signal status:0,File:vendor/hisense/til_layer/tilwrapper/hstv_client_wrapper.cpp,Line:778
04-17 11:30:13.324  2671  5207 D tilwrapper@client: source 512 ,signal status:0,File:vendor/hisense/til_layer/tilwrapper/hstv_client_wrapper.cpp,Line:778
04-17 11:30:13.324  1699  4621 I TVMW@videoctrl: getSignalStatusSync signal status is [1]!
04-17 11:30:13.378  2497  2507 I tilwrapper@client:  dtvSelectChannelCallback signal ok 
04-17 11:30:15.955  1663  1663 I hstvos  : [0m[1;33m[HSHAL][HS_VIDEO][HS_HAL_Video_Get_SignalStatusSync][981] time[632839] source = 1, video signal changed ! before = 1 ; now 0 !!! 
04-17 11:30:15.955  1699  4621 I TVMW@videoctrl: getSignalStatusSync in gettimmingresolution signal status is [0]!
04-17 11:30:20.915  1663  1663 I hstvos  : [0m[1;32m[HSHAL][HS_VIDEO][HS_HAL_Video_Get_SignalStatusSync][994] time[637799] source = 1, *signal == 0  !
04-17 11:30:20.940  1641  2911 E XCDipHardware_einstein: NULL window object
04-17 11:30:20.942  1641  2911 E XCDipHardware_einstein: CaptureScreen SkiaDecodeMutex mutex get failed
04-17 11:30:20.969  2671  2683 D tilwrapper@client: source 512 ,signal status:0,File:vendor/hisense/til_layer/tilwrapper/hstv_client_wrapper.cpp,Line:778
04-17 11:30:20.970  2497  2795 D tilwrapper@client: source 512 ,signal status:0,File:vendor/hisense/til_layer/tilwrapper/hstv_client_wrapper.cpp,Line:778
04-17 11:30:21.021  2497  2795 I tilwrapper@client:  dtvSelectChannelCallback signal ok 
04-17 11:30:23.929  1663  1663 I hstvos  : [0m[1;32m[HSHAL][HS_VIDEO][HS_HAL_Video_Get_SignalStatusSync][994] time[640813] source = 1, *signal == 0  !
04-17 11:30:27.378  1641  5217 E XCDipHardware_einstein: NULL window object
04-17 11:30:27.380  1641  5217 E XCDipHardware_einstein: CaptureScreen SkiaDecodeMutex mutex get failed
04-17 11:30:27.929  1663  1663 I hstvos  : [0m[1;32m[HSHAL][HS_VIDEO][HS_HAL_Video_Get_SignalStatusSync][994] time[643813] source = 1, *signal == 0  !
04-17 11:30:29.390  1641  2664 D XCDipHardware_einstein: [XCDipHardware]captureScreenMutex thread signal unlock
04-17 11:30:30.936  1663  1663 I hstvos  : [0m[1;32m[HSHAL][HS_VIDEO][HS_HAL_Video_Get_SignalStatusSync][994] time[646819] source = 1, *signal == 0  !
04-17 11:30:33.941  1663  1663 I hstvos  : [0m[1;32m[HSHAL][HS_VIDEO][HS_HAL_Video_Get_SignalStatusSync][994] time[649824] source = 1, *signal == 0  !
04-17 11:30:36.953  1663  1663 I hstvos  : [0m[1;32m[HSHAL][HS_VIDEO][HS_HAL_Video_Get_SignalStatusSync][994] time[652837] source = 1, *signal == 0  !
04-17 11:30:37.380  1641  2803 E XCDipHardware_einstein: NULL window object
04-17 11:30:37.381  1641  2803 E XCDipHardware_einstein: CaptureScreen SkiaDecodeMutex mutex get failed
04-17 11:30:39.393  1641  4428 D XCDipHardware_einstein: [XCDipHardware]captureScreenMutex thread signal unlock
04-17 11:30:39.967  1663  1663 I hstvos  : [0m[1;32m[HSHAL][HS_VIDEO][HS_HAL_Video_Get_SignalStatusSync][994] time[655851] source = 1, *signal == 0  !
04-17 11:30:42.969  1663  1663 I hstvos  : [0m[1;32m[HSHAL][HS_VIDEO][HS_HAL_Video_Get_SignalStatusSync][994] time[658853] source = 1, *signal == 0  !
04-17 11:30:45.985  1663  1663 I hstvos  : [0m[1;32m[HSHAL][HS_VIDEO][HS_HAL_Video_Get_SignalStatusSync][994] time[661868] source = 1, *signal == 0  !
04-17 11:30:46.390  1641  1641 E XCDipHardware_einstein: NULL window object
04-17 11:30:46.392  1641  1641 E XCDipHardware_einstein: CaptureScreen SkiaDecodeMutex mutex get failed
04-17 11:30:47.989  1663  1663 I hstvos  : [0m[1;32m[HSHAL][HS_VIDEO][HS_HAL_Video_Get_SignalStatusSync][994] time[664873] source = 1, *signal == 0  !
04-17 11:30:48.414  1641  4291 D XCDipHardware_einstein: [XCDipHardware]captureScreenMutex thread signal unlock
04-17 11:30:50.999  1663  1663 I hstvos  : [0m[1;32m[HSHAL][HS_VIDEO][HS_HAL_Video_Get_SignalStatusSync][994] time[667883] source = 1, *signal == 0  !
04-17 11:30:54.007  1663  1663 I hstvos  : [0m[1;32m[HSHAL][HS_VIDEO][HS_HAL_Video_Get_SignalStatusSync][994] time[670890] source = 1, *signal == 0  !
04-17 11:30:56.410  1641  2803 E XCDipHardware_einstein: NULL window object
04-17 11:30:56.411  1641  2803 E XCDipHardware_einstein: CaptureScreen SkiaDecodeMutex mutex get failed
04-17 11:30:57.015  1663  1663 I hstvos  : [0m[1;32m[HSHAL][HS_VIDEO][HS_HAL_Video_Get_SignalStatusSync][994] time[673897] source = 1, *signal == 0  !
04-17 11:30:58.430  1641  5659 D XCDipHardware_einstein: [XCDipHardware]captureScreenMutex thread signal unlock
04-17 11:31:00.025  1663  1663 I hstvos  : [0m[1;32m[HSHAL][HS_VIDEO][HS_HAL_Video_Get_SignalStatusSync][994] time[676908] source = 1, *signal == 0  !
04-17 11:31:03.025  1663  1663 I hstvos  : [0m[1;32m[HSHAL][HS_VIDEO][HS_HAL_Video_Get_SignalStatusSync][994] time[679909] source = 1, *signal == 0  !
01-01 20:00:02.025  1667  1667 D btMonitor: set nodeState=NODE_STATE_NULL -> (null).
01-01 20:00:02.026  1632  1632 I lowmemorykiller: Using in-kernel low memory killer interface
01-01 20:00:02.149  1721  1721 I auditd  : type=1400 audit(0.0:31): avc: denied { getattr } for comm="grep" path="/dev/NULL" dev="tmpfs" ino=1522 scontext=u:r:secureinfo:s0 tcontext=u:object_r:device:s0 tclass=file permissive=1
